zil-app  | 
zil-app  |   .   ____          _            __ _ _
zil-app  |  /\\ / ___'_ __ _ _(_)_ __  __ _ \ \ \ \
zil-app  | ( ( )\___ | '_ | '_| | '_ \/ _` | \ \ \ \
zil-app  |  \\/  ___)| |_)| | | | | || (_| |  ) ) ) )
zil-app  |   '  |____| .__|_| |_|_| |_\__, | / / / /
zil-app  |  =========|_|==============|___/=/_/_/_/
zil-app  | 
zil-app  |  :: Spring Boot ::                (v4.0.3)
zil-app  | 
zil-app  | 2026-05-06T17:14:40.717Z  INFO 1 --- [           main] rental.Application                       : Starting Application v1.0-SNAPSHOT using Java 25.0.3 with PID 1 (/app/app.jar started by root in /app)
zil-app  | 2026-05-06T17:14:40.805Z  INFO 1 --- [           main] rental.Application                       : No active profile set, falling back to 1 default profile: "default"
zil-app  | 2026-05-06T17:14:47.120Z  INFO 1 --- [           main] .s.d.r.c.RepositoryConfigurationDelegate : Bootstrapping Spring Data JPA repositories in DEFAULT mode.
zil-app  | 2026-05-06T17:14:47.511Z  INFO 1 --- [           main] .s.d.r.c.RepositoryConfigurationDelegate : Finished Spring Data repository scanning in 301 ms. Found 3 JPA repository interfaces.
zil-app  | 2026-05-06T17:14:51.513Z  INFO 1 --- [           main] o.s.boot.tomcat.TomcatWebServer          : Tomcat initialized with port 8083 (http)
zil-app  | 2026-05-06T17:14:51.612Z  INFO 1 --- [           main] o.apache.catalina.core.StandardService   : Starting service [Tomcat]
zil-app  | 2026-05-06T17:14:51.612Z  INFO 1 --- [           main] o.apache.catalina.core.StandardEngine    : Starting Servlet engine: [Apache Tomcat/11.0.18]
zil-app  | 2026-05-06T17:14:52.117Z  INFO 1 --- [           main] b.w.c.s.WebApplicationContextInitializer : Root WebApplicationContext: initialization completed in 11004 ms
zil-app  | 2026-05-06T17:14:55.912Z  INFO 1 --- [           main] com.zaxxer.hikari.HikariDataSource       : HikariPool-1 - Starting...
zil-app  | 2026-05-06T17:14:57.029Z  INFO 1 --- [           main] com.zaxxer.hikari.pool.HikariPool        : HikariPool-1 - Added connection org.postgresql.jdbc.PgConnection@45f1413c
zil-app  | 2026-05-06T17:14:57.096Z  INFO 1 --- [           main] com.zaxxer.hikari.HikariDataSource       : HikariPool-1 - Start completed.
zil-app  | 2026-05-06T17:14:57.212Z  INFO 1 --- [           main] org.flywaydb.core.FlywayExecutor         : Database: jdbc:postgresql://hl12.zil:5433/hl7?currentSchema=hl7 (PostgreSQL 16.13)
zil-app  | 2026-05-06T17:14:57.809Z  INFO 1 --- [           main] o.f.core.internal.command.DbValidate     : Successfully validated 3 migrations (execution time 00:00.280s)
zil-app  | 2026-05-06T17:14:58.097Z  INFO 1 --- [           main] o.f.core.internal.command.DbMigrate      : Current version of schema "hl7": 2
zil-app  | 2026-05-06T17:14:58.118Z  INFO 1 --- [           main] o.f.core.internal.command.DbMigrate      : Schema "hl7" is up to date. No migration necessary.
zil-app  | 2026-05-06T17:14:59.108Z  INFO 1 --- [           main] org.hibernate.orm.jpa                    : HHH008540: Processing PersistenceUnitInfo [name: default]
zil-app  | 2026-05-06T17:14:59.518Z  INFO 1 --- [           main] org.hibernate.orm.core                   : HHH000001: Hibernate ORM core version 7.2.4.Final
zil-app  | 2026-05-06T17:15:03.007Z  INFO 1 --- [           main] o.s.o.j.p.SpringPersistenceUnitInfo      : No LoadTimeWeaver setup: ignoring JPA class transformer
zil-app  | 2026-05-06T17:15:03.602Z  INFO 1 --- [           main] org.hibernate.orm.connections.pooling    : HHH10001005: Database info:
zil-app  | 	Database JDBC URL [jdbc:postgresql://hl12.zil:5433/hl7?currentSchema=hl7]
zil-app  | 	Database driver: PostgreSQL JDBC Driver
zil-app  | 	Database dialect: PostgreSQLDialect
zil-app  | 	Database version: 16.13
zil-app  | 	Default catalog/schema: hl7/hl7
zil-app  | 	Autocommit mode: undefined/unknown
zil-app  | 	Isolation level: READ_COMMITTED [default READ_COMMITTED]
zil-app  | 	JDBC fetch size: none
zil-app  | 	Pool: DataSourceConnectionProvider
zil-app  | 	Minimum pool size: undefined/unknown
zil-app  | 	Maximum pool size: undefined/unknown
zil-app  | 2026-05-06T17:15:09.513Z  INFO 1 --- [           main] org.hibernate.orm.core                   : HHH000489: No JTA platform available (set 'hibernate.transaction.jta.platform' to enable JTA platform integration)
zil-app  | 2026-05-06T17:15:09.823Z  INFO 1 --- [           main] j.LocalContainerEntityManagerFactoryBean : Initialized JPA EntityManagerFactory for persistence unit 'default'
zil-app  | 2026-05-06T17:15:10.398Z  INFO 1 --- [           main] o.s.d.j.r.query.QueryEnhancerFactories   : Hibernate is in classpath; If applicable, HQL parser will be used.
zil-app  | 2026-05-06T17:15:18.107Z  INFO 1 --- [           main] o.s.boot.tomcat.TomcatWebServer          : Tomcat started on port 8083 (http) with context path '/'
zil-app  | 2026-05-06T17:15:18.121Z  INFO 1 --- [           main] rental.Application                       : Started Application in 40.322 seconds (process running for 43.649)
zil-app  | 2026-05-06T17:15:19.919Z  INFO 1 --- [nio-8083-exec-1] o.a.c.c.C.[Tomcat].[localhost].[/]       : Initializing Spring DispatcherServlet 'dispatcherServlet'
zil-app  | 2026-05-06T17:15:19.919Z  INFO 1 --- [nio-8083-exec-1] o.s.web.servlet.DispatcherServlet        : Initializing Servlet 'dispatcherServlet'
zil-app  | 2026-05-06T17:15:19.922Z  INFO 1 --- [nio-8083-exec-1] o.s.web.servlet.DispatcherServlet        : Completed initialization in 1 ms
zil-app  | 2026-05-06T17:15:23.202Z  INFO 1 --- [   scheduling-1] r.observability.ObservabilityService     : LAB9 Observability window=10s category=db.stats.countRents count=1 sumNanos=85271399 avgNanos=85271399
zil-app  | 2026-05-06T17:15:23.202Z  INFO 1 --- [   scheduling-1] r.observability.ObservabilityService     : LAB9 Observability window=10s category=db.stats.countClients count=1 sumNanos=20117662 avgNanos=20117662
zil-app  | 2026-05-06T17:15:23.206Z  INFO 1 --- [   scheduling-1] r.observability.ObservabilityService     : LAB9 Observability window=10s category=db.stats.countCars count=1 sumNanos=505038197 avgNanos=505038197
zil-app  | 2026-05-06T17:15:23.206Z  INFO 1 --- [   scheduling-1] r.observability.ObservabilityService     : LAB9 Observability window=10s category=web.StatsController.stats count=1 sumNanos=611244918 avgNanos=611244918
zil-app  | 2026-05-06T17:15:23.206Z  INFO 1 --- [   scheduling-1] r.observability.ObservabilityService     : LAB9 Observability window=30s category=db.stats.countRents count=1 sumNanos=85271399 avgNanos=85271399
zil-app  | 2026-05-06T17:15:23.206Z  INFO 1 --- [   scheduling-1] r.observability.ObservabilityService     : LAB9 Observability window=30s category=db.stats.countClients count=1 sumNanos=20117662 avgNanos=20117662
zil-app  | 2026-05-06T17:15:23.206Z  INFO 1 --- [   scheduling-1] r.observability.ObservabilityService     : LAB9 Observability window=30s category=db.stats.countCars count=1 sumNanos=505038197 avgNanos=505038197
zil-app  | 2026-05-06T17:15:23.206Z  INFO 1 --- [   scheduling-1] r.observability.ObservabilityService     : LAB9 Observability window=30s category=web.StatsController.stats count=1 sumNanos=611244918 avgNanos=611244918
zil-app  | 2026-05-06T17:15:23.206Z  INFO 1 --- [   scheduling-1] r.observability.ObservabilityService     : LAB9 Observability window=1m category=db.stats.countRents count=1 sumNanos=85271399 avgNanos=85271399
zil-app  | 2026-05-06T17:15:23.206Z  INFO 1 --- [   scheduling-1] r.observability.ObservabilityService     : LAB9 Observability window=1m category=db.stats.countClients count=1 sumNanos=20117662 avgNanos=20117662
zil-app  | 2026-05-06T17:15:23.207Z  INFO 1 --- [   scheduling-1] r.observability.ObservabilityService     : LAB9 Observability window=1m category=db.stats.countCars count=1 sumNanos=505038197 avgNanos=505038197
zil-app  | 2026-05-06T17:15:23.207Z  INFO 1 --- [   scheduling-1] r.observability.ObservabilityService     : LAB9 Observability window=1m category=web.StatsController.stats count=1 sumNanos=611244918 avgNanos=611244918
zil-app  | 2026-05-06T17:15:28.207Z  INFO 1 --- [   scheduling-1] r.observability.ObservabilityService     : LAB9 Observability window=10s category=web.ClientController.getClients count=1 sumNanos=2844877006 avgNanos=2844877006
zil-app  | 2026-05-06T17:15:28.207Z  INFO 1 --- [   scheduling-1] r.observability.ObservabilityService     : LAB9 Observability window=10s category=db.stats.countRents count=1 sumNanos=85271399 avgNanos=85271399
zil-app  | 2026-05-06T17:15:28.207Z  INFO 1 --- [   scheduling-1] r.observability.ObservabilityService     : LAB9 Observability window=10s category=web.RentController.getRents count=1 sumNanos=220546232 avgNanos=220546232
zil-app  | 2026-05-06T17:15:28.208Z  INFO 1 --- [   scheduling-1] r.observability.ObservabilityService     : LAB9 Observability window=10s category=db.client.findAll count=1 sumNanos=2844594012 avgNanos=2844594012
zil-app  | 2026-05-06T17:15:28.209Z  INFO 1 --- [   scheduling-1] r.observability.ObservabilityService     : LAB9 Observability window=10s category=db.rent.findAll count=1 sumNanos=220161038 avgNanos=220161038
zil-app  | 2026-05-06T17:15:28.209Z  INFO 1 --- [   scheduling-1] r.observability.ObservabilityService     : LAB9 Observability window=10s category=db.stats.countClients count=1 sumNanos=20117662 avgNanos=20117662
zil-app  | 2026-05-06T17:15:28.209Z  INFO 1 --- [   scheduling-1] r.observability.ObservabilityService     : LAB9 Observability window=10s category=db.stats.countCars count=1 sumNanos=505038197 avgNanos=505038197
zil-app  | 2026-05-06T17:15:28.209Z  INFO 1 --- [   scheduling-1] r.observability.ObservabilityService     : LAB9 Observability window=10s category=web.CarController.getCars count=1 sumNanos=143355184 avgNanos=143355184
zil-app  | 2026-05-06T17:15:28.209Z  INFO 1 --- [   scheduling-1] r.observability.ObservabilityService     : LAB9 Observability window=10s category=db.car.findAll count=1 sumNanos=143095525 avgNanos=143095525
zil-app  | 2026-05-06T17:15:28.209Z  INFO 1 --- [   scheduling-1] r.observability.ObservabilityService     : LAB9 Observability window=10s category=web.StatsController.stats count=1 sumNanos=611244918 avgNanos=611244918
zil-app  | 2026-05-06T17:15:28.209Z  INFO 1 --- [   scheduling-1] r.observability.ObservabilityService     : LAB9 Observability window=30s category=web.ClientController.getClients count=1 sumNanos=2844877006 avgNanos=2844877006
zil-app  | 2026-05-06T17:15:28.209Z  INFO 1 --- [   scheduling-1] r.observability.ObservabilityService     : LAB9 Observability window=30s category=db.stats.countRents count=1 sumNanos=85271399 avgNanos=85271399
zil-app  | 2026-05-06T17:15:28.209Z  INFO 1 --- [   scheduling-1] r.observability.ObservabilityService     : LAB9 Observability window=30s category=web.RentController.getRents count=1 sumNanos=220546232 avgNanos=220546232
zil-app  | 2026-05-06T17:15:28.209Z  INFO 1 --- [   scheduling-1] r.observability.ObservabilityService     : LAB9 Observability window=30s category=db.client.findAll count=1 sumNanos=2844594012 avgNanos=2844594012
zil-app  | 2026-05-06T17:15:28.209Z  INFO 1 --- [   scheduling-1] r.observability.ObservabilityService     : LAB9 Observability window=30s category=db.rent.findAll count=1 sumNanos=220161038 avgNanos=220161038
zil-app  | 2026-05-06T17:15:28.209Z  INFO 1 --- [   scheduling-1] r.observability.ObservabilityService     : LAB9 Observability window=30s category=db.stats.countClients count=1 sumNanos=20117662 avgNanos=20117662
zil-app  | 2026-05-06T17:15:28.209Z  INFO 1 --- [   scheduling-1] r.observability.ObservabilityService     : LAB9 Observability window=30s category=db.stats.countCars count=1 sumNanos=505038197 avgNanos=505038197
zil-app  | 2026-05-06T17:15:28.210Z  INFO 1 --- [   scheduling-1] r.observability.ObservabilityService     : LAB9 Observability window=30s category=web.CarController.getCars count=1 sumNanos=143355184 avgNanos=143355184
zil-app  | 2026-05-06T17:15:28.210Z  INFO 1 --- [   scheduling-1] r.observability.ObservabilityService     : LAB9 Observability window=30s category=db.car.findAll count=1 sumNanos=143095525 avgNanos=143095525
zil-app  | 2026-05-06T17:15:28.210Z  INFO 1 --- [   scheduling-1] r.observability.ObservabilityService     : LAB9 Observability window=30s category=web.StatsController.stats count=1 sumNanos=611244918 avgNanos=611244918
zil-app  | 2026-05-06T17:15:28.210Z  INFO 1 --- [   scheduling-1] r.observability.ObservabilityService     : LAB9 Observability window=1m category=web.ClientController.getClients count=1 sumNanos=2844877006 avgNanos=2844877006
zil-app  | 2026-05-06T17:15:28.210Z  INFO 1 --- [   scheduling-1] r.observability.ObservabilityService     : LAB9 Observability window=1m category=db.stats.countRents count=1 sumNanos=85271399 avgNanos=85271399
zil-app  | 2026-05-06T17:15:28.210Z  INFO 1 --- [   scheduling-1] r.observability.ObservabilityService     : LAB9 Observability window=1m category=web.RentController.getRents count=1 sumNanos=220546232 avgNanos=220546232
zil-app  | 2026-05-06T17:15:28.210Z  INFO 1 --- [   scheduling-1] r.observability.ObservabilityService     : LAB9 Observability window=1m category=db.client.findAll count=1 sumNanos=2844594012 avgNanos=2844594012
zil-app  | 2026-05-06T17:15:28.210Z  INFO 1 --- [   scheduling-1] r.observability.ObservabilityService     : LAB9 Observability window=1m category=db.rent.findAll count=1 sumNanos=220161038 avgNanos=220161038
zil-app  | 2026-05-06T17:15:28.210Z  INFO 1 --- [   scheduling-1] r.observability.ObservabilityService     : LAB9 Observability window=1m category=db.stats.countClients count=1 sumNanos=20117662 avgNanos=20117662
zil-app  | 2026-05-06T17:15:28.210Z  INFO 1 --- [   scheduling-1] r.observability.ObservabilityService     : LAB9 Observability window=1m category=db.stats.countCars count=1 sumNanos=505038197 avgNanos=505038197
zil-app  | 2026-05-06T17:15:28.210Z  INFO 1 --- [   scheduling-1] r.observability.ObservabilityService     : LAB9 Observability window=1m category=web.CarController.getCars count=1 sumNanos=143355184 avgNanos=143355184
zil-app  | 2026-05-06T17:15:28.210Z  INFO 1 --- [   scheduling-1] r.observability.ObservabilityService     : LAB9 Observability window=1m category=db.car.findAll count=1 sumNanos=143095525 avgNanos=143095525
zil-app  | 2026-05-06T17:15:28.210Z  INFO 1 --- [   scheduling-1] r.observability.ObservabilityService     : LAB9 Observability window=1m category=web.StatsController.stats count=1 sumNanos=611244918 avgNanos=611244918
zil-app  | 2026-05-06T17:15:33.211Z  INFO 1 --- [   scheduling-1] r.observability.ObservabilityService     : LAB9 Observability window=10s category=web.ClientController.getClients count=1 sumNanos=2844877006 avgNanos=2844877006
zil-app  | 2026-05-06T17:15:33.211Z  INFO 1 --- [   scheduling-1] r.observability.ObservabilityService     : LAB9 Observability window=10s category=web.RentController.getRents count=1 sumNanos=220546232 avgNanos=220546232
zil-app  | 2026-05-06T17:15:33.211Z  INFO 1 --- [   scheduling-1] r.observability.ObservabilityService     : LAB9 Observability window=10s category=db.client.findAll count=1 sumNanos=2844594012 avgNanos=2844594012
zil-app  | 2026-05-06T17:15:33.211Z  INFO 1 --- [   scheduling-1] r.observability.ObservabilityService     : LAB9 Observability window=10s category=db.rent.findAll count=1 sumNanos=220161038 avgNanos=220161038
zil-app  | 2026-05-06T17:15:33.211Z  INFO 1 --- [   scheduling-1] r.observability.ObservabilityService     : LAB9 Observability window=10s category=web.CarController.getCars count=1 sumNanos=143355184 avgNanos=143355184
zil-app  | 2026-05-06T17:15:33.211Z  INFO 1 --- [   scheduling-1] r.observability.ObservabilityService     : LAB9 Observability window=10s category=db.car.findAll count=1 sumNanos=143095525 avgNanos=143095525
zil-app  | 2026-05-06T17:15:33.212Z  INFO 1 --- [   scheduling-1] r.observability.ObservabilityService     : LAB9 Observability window=30s category=web.ClientController.getClients count=1 sumNanos=2844877006 avgNanos=2844877006
zil-app  | 2026-05-06T17:15:33.212Z  INFO 1 --- [   scheduling-1] r.observability.ObservabilityService     : LAB9 Observability window=30s category=db.stats.countRents count=1 sumNanos=85271399 avgNanos=85271399
zil-app  | 2026-05-06T17:15:33.212Z  INFO 1 --- [   scheduling-1] r.observability.ObservabilityService     : LAB9 Observability window=30s category=web.RentController.getRents count=1 sumNanos=220546232 avgNanos=220546232
zil-app  | 2026-05-06T17:15:33.212Z  INFO 1 --- [   scheduling-1] r.observability.ObservabilityService     : LAB9 Observability window=30s category=db.client.findAll count=1 sumNanos=2844594012 avgNanos=2844594012
zil-app  | 2026-05-06T17:15:33.212Z  INFO 1 --- [   scheduling-1] r.observability.ObservabilityService     : LAB9 Observability window=30s category=db.rent.findAll count=1 sumNanos=220161038 avgNanos=220161038
zil-app  | 2026-05-06T17:15:33.212Z  INFO 1 --- [   scheduling-1] r.observability.ObservabilityService     : LAB9 Observability window=30s category=db.stats.countClients count=1 sumNanos=20117662 avgNanos=20117662
zil-app  | 2026-05-06T17:15:33.212Z  INFO 1 --- [   scheduling-1] r.observability.ObservabilityService     : LAB9 Observability window=30s category=db.stats.countCars count=1 sumNanos=505038197 avgNanos=505038197
zil-app  | 2026-05-06T17:15:33.212Z  INFO 1 --- [   scheduling-1] r.observability.ObservabilityService     : LAB9 Observability window=30s category=web.CarController.getCars count=1 sumNanos=143355184 avgNanos=143355184
zil-app  | 2026-05-06T17:15:33.212Z  INFO 1 --- [   scheduling-1] r.observability.ObservabilityService     : LAB9 Observability window=30s category=db.car.findAll count=1 sumNanos=143095525 avgNanos=143095525
zil-app  | 2026-05-06T17:15:33.212Z  INFO 1 --- [   scheduling-1] r.observability.ObservabilityService     : LAB9 Observability window=30s category=web.StatsController.stats count=1 sumNanos=611244918 avgNanos=611244918
zil-app  | 2026-05-06T17:15:33.212Z  INFO 1 --- [   scheduling-1] r.observability.ObservabilityService     : LAB9 Observability window=1m category=web.ClientController.getClients count=1 sumNanos=2844877006 avgNanos=2844877006
zil-app  | 2026-05-06T17:15:33.212Z  INFO 1 --- [   scheduling-1] r.observability.ObservabilityService     : LAB9 Observability window=1m category=db.stats.countRents count=1 sumNanos=85271399 avgNanos=85271399
zil-app  | 2026-05-06T17:15:33.212Z  INFO 1 --- [   scheduling-1] r.observability.ObservabilityService     : LAB9 Observability window=1m category=web.RentController.getRents count=1 sumNanos=220546232 avgNanos=220546232
zil-app  | 2026-05-06T17:15:33.212Z  INFO 1 --- [   scheduling-1] r.observability.ObservabilityService     : LAB9 Observability window=1m category=db.client.findAll count=1 sumNanos=2844594012 avgNanos=2844594012
zil-app  | 2026-05-06T17:15:33.212Z  INFO 1 --- [   scheduling-1] r.observability.ObservabilityService     : LAB9 Observability window=1m category=db.rent.findAll count=1 sumNanos=220161038 avgNanos=220161038
zil-app  | 2026-05-06T17:15:33.212Z  INFO 1 --- [   scheduling-1] r.observability.ObservabilityService     : LAB9 Observability window=1m category=db.stats.countClients count=1 sumNanos=20117662 avgNanos=20117662
zil-app  | 2026-05-06T17:15:33.213Z  INFO 1 --- [   scheduling-1] r.observability.ObservabilityService     : LAB9 Observability window=1m category=db.stats.countCars count=1 sumNanos=505038197 avgNanos=505038197
zil-app  | 2026-05-06T17:15:33.213Z  INFO 1 --- [   scheduling-1] r.observability.ObservabilityService     : LAB9 Observability window=1m category=web.CarController.getCars count=1 sumNanos=143355184 avgNanos=143355184
zil-app  | 2026-05-06T17:15:33.213Z  INFO 1 --- [   scheduling-1] r.observability.ObservabilityService     : LAB9 Observability window=1m category=db.car.findAll count=1 sumNanos=143095525 avgNanos=143095525
zil-app  | 2026-05-06T17:15:33.213Z  INFO 1 --- [   scheduling-1] r.observability.ObservabilityService     : LAB9 Observability window=1m category=web.StatsController.stats count=1 sumNanos=611244918 avgNanos=611244918
zil-app  | 2026-05-06T17:15:38.213Z  INFO 1 --- [   scheduling-1] r.observability.ObservabilityService     : LAB9 Observability window=30s category=web.ClientController.getClients count=1 sumNanos=2844877006 avgNanos=2844877006
zil-app  | 2026-05-06T17:15:38.214Z  INFO 1 --- [   scheduling-1] r.observability.ObservabilityService     : LAB9 Observability window=30s category=db.stats.countRents count=1 sumNanos=85271399 avgNanos=85271399
zil-app  | 2026-05-06T17:15:38.214Z  INFO 1 --- [   scheduling-1] r.observability.ObservabilityService     : LAB9 Observability window=30s category=web.RentController.getRents count=1 sumNanos=220546232 avgNanos=220546232
zil-app  | 2026-05-06T17:15:38.214Z  INFO 1 --- [   scheduling-1] r.observability.ObservabilityService     : LAB9 Observability window=30s category=db.client.findAll count=1 sumNanos=2844594012 avgNanos=2844594012
zil-app  | 2026-05-06T17:15:38.214Z  INFO 1 --- [   scheduling-1] r.observability.ObservabilityService     : LAB9 Observability window=30s category=db.rent.findAll count=1 sumNanos=220161038 avgNanos=220161038
zil-app  | 2026-05-06T17:15:38.214Z  INFO 1 --- [   scheduling-1] r.observability.ObservabilityService     : LAB9 Observability window=30s category=db.stats.countClients count=1 sumNanos=20117662 avgNanos=20117662
zil-app  | 2026-05-06T17:15:38.215Z  INFO 1 --- [   scheduling-1] r.observability.ObservabilityService     : LAB9 Observability window=30s category=db.stats.countCars count=1 sumNanos=505038197 avgNanos=505038197
zil-app  | 2026-05-06T17:15:38.215Z  INFO 1 --- [   scheduling-1] r.observability.ObservabilityService     : LAB9 Observability window=30s category=web.CarController.getCars count=1 sumNanos=143355184 avgNanos=143355184
zil-app  | 2026-05-06T17:15:38.215Z  INFO 1 --- [   scheduling-1] r.observability.ObservabilityService     : LAB9 Observability window=30s category=db.car.findAll count=1 sumNanos=143095525 avgNanos=143095525
zil-app  | 2026-05-06T17:15:38.215Z  INFO 1 --- [   scheduling-1] r.observability.ObservabilityService     : LAB9 Observability window=30s category=web.StatsController.stats count=1 sumNanos=611244918 avgNanos=611244918
zil-app  | 2026-05-06T17:15:38.215Z  INFO 1 --- [   scheduling-1] r.observability.ObservabilityService     : LAB9 Observability window=1m category=web.ClientController.getClients count=1 sumNanos=2844877006 avgNanos=2844877006
zil-app  | 2026-05-06T17:15:38.215Z  INFO 1 --- [   scheduling-1] r.observability.ObservabilityService     : LAB9 Observability window=1m category=db.stats.countRents count=1 sumNanos=85271399 avgNanos=85271399
zil-app  | 2026-05-06T17:15:38.215Z  INFO 1 --- [   scheduling-1] r.observability.ObservabilityService     : LAB9 Observability window=1m category=web.RentController.getRents count=1 sumNanos=220546232 avgNanos=220546232
zil-app  | 2026-05-06T17:15:38.215Z  INFO 1 --- [   scheduling-1] r.observability.ObservabilityService     : LAB9 Observability window=1m category=db.client.findAll count=1 sumNanos=2844594012 avgNanos=2844594012
zil-app  | 2026-05-06T17:15:38.215Z  INFO 1 --- [   scheduling-1] r.observability.ObservabilityService     : LAB9 Observability window=1m category=db.rent.findAll count=1 sumNanos=220161038 avgNanos=220161038
zil-app  | 2026-05-06T17:15:38.215Z  INFO 1 --- [   scheduling-1] r.observability.ObservabilityService     : LAB9 Observability window=1m category=db.stats.countClients count=1 sumNanos=20117662 avgNanos=20117662
zil-app  | 2026-05-06T17:15:38.215Z  INFO 1 --- [   scheduling-1] r.observability.ObservabilityService     : LAB9 Observability window=1m category=db.stats.countCars count=1 sumNanos=505038197 avgNanos=505038197
zil-app  | 2026-05-06T17:15:38.215Z  INFO 1 --- [   scheduling-1] r.observability.ObservabilityService     : LAB9 Observability window=1m category=web.CarController.getCars count=1 sumNanos=143355184 avgNanos=143355184
zil-app  | 2026-05-06T17:15:38.215Z  INFO 1 --- [   scheduling-1] r.observability.ObservabilityService     : LAB9 Observability window=1m category=db.car.findAll count=1 sumNanos=143095525 avgNanos=143095525
zil-app  | 2026-05-06T17:15:38.215Z  INFO 1 --- [   scheduling-1] r.observability.ObservabilityService     : LAB9 Observability window=1m category=web.StatsController.stats count=1 sumNanos=611244918 avgNanos=611244918
zil-app  | 2026-05-06T17:15:43.216Z  INFO 1 --- [   scheduling-1] r.observability.ObservabilityService     : LAB9 Observability window=30s category=web.ClientController.getClients count=1 sumNanos=2844877006 avgNanos=2844877006
zil-app  | 2026-05-06T17:15:43.216Z  INFO 1 --- [   scheduling-1] r.observability.ObservabilityService     : LAB9 Observability window=30s category=db.stats.countRents count=1 sumNanos=85271399 avgNanos=85271399
zil-app  | 2026-05-06T17:15:43.216Z  INFO 1 --- [   scheduling-1] r.observability.ObservabilityService     : LAB9 Observability window=30s category=web.RentController.getRents count=1 sumNanos=220546232 avgNanos=220546232
zil-app  | 2026-05-06T17:15:43.216Z  INFO 1 --- [   scheduling-1] r.observability.ObservabilityService     : LAB9 Observability window=30s category=db.client.findAll count=1 sumNanos=2844594012 avgNanos=2844594012
zil-app  | 2026-05-06T17:15:43.216Z  INFO 1 --- [   scheduling-1] r.observability.ObservabilityService     : LAB9 Observability window=30s category=db.rent.findAll count=1 sumNanos=220161038 avgNanos=220161038
zil-app  | 2026-05-06T17:15:43.216Z  INFO 1 --- [   scheduling-1] r.observability.ObservabilityService     : LAB9 Observability window=30s category=db.stats.countClients count=1 sumNanos=20117662 avgNanos=20117662
zil-app  | 2026-05-06T17:15:43.216Z  INFO 1 --- [   scheduling-1] r.observability.ObservabilityService     : LAB9 Observability window=30s category=db.stats.countCars count=1 sumNanos=505038197 avgNanos=505038197
zil-app  | 2026-05-06T17:15:43.216Z  INFO 1 --- [   scheduling-1] r.observability.ObservabilityService     : LAB9 Observability window=30s category=web.CarController.getCars count=1 sumNanos=143355184 avgNanos=143355184
zil-app  | 2026-05-06T17:15:43.216Z  INFO 1 --- [   scheduling-1] r.observability.ObservabilityService     : LAB9 Observability window=30s category=db.car.findAll count=1 sumNanos=143095525 avgNanos=143095525
zil-app  | 2026-05-06T17:15:43.216Z  INFO 1 --- [   scheduling-1] r.observability.ObservabilityService     : LAB9 Observability window=30s category=web.StatsController.stats count=1 sumNanos=611244918 avgNanos=611244918
zil-app  | 2026-05-06T17:15:43.216Z  INFO 1 --- [   scheduling-1] r.observability.ObservabilityService     : LAB9 Observability window=1m category=web.ClientController.getClients count=1 sumNanos=2844877006 avgNanos=2844877006
zil-app  | 2026-05-06T17:15:43.216Z  INFO 1 --- [   scheduling-1] r.observability.ObservabilityService     : LAB9 Observability window=1m category=db.stats.countRents count=1 sumNanos=85271399 avgNanos=85271399
zil-app  | 2026-05-06T17:15:43.217Z  INFO 1 --- [   scheduling-1] r.observability.ObservabilityService     : LAB9 Observability window=1m category=web.RentController.getRents count=1 sumNanos=220546232 avgNanos=220546232
zil-app  | 2026-05-06T17:15:43.217Z  INFO 1 --- [   scheduling-1] r.observability.ObservabilityService     : LAB9 Observability window=1m category=db.client.findAll count=1 sumNanos=2844594012 avgNanos=2844594012
zil-app  | 2026-05-06T17:15:43.217Z  INFO 1 --- [   scheduling-1] r.observability.ObservabilityService     : LAB9 Observability window=1m category=db.rent.findAll count=1 sumNanos=220161038 avgNanos=220161038
zil-app  | 2026-05-06T17:15:43.217Z  INFO 1 --- [   scheduling-1] r.observability.ObservabilityService     : LAB9 Observability window=1m category=db.stats.countClients count=1 sumNanos=20117662 avgNanos=20117662
zil-app  | 2026-05-06T17:15:43.217Z  INFO 1 --- [   scheduling-1] r.observability.ObservabilityService     : LAB9 Observability window=1m category=db.stats.countCars count=1 sumNanos=505038197 avgNanos=505038197
zil-app  | 2026-05-06T17:15:43.217Z  INFO 1 --- [   scheduling-1] r.observability.ObservabilityService     : LAB9 Observability window=1m category=web.CarController.getCars count=1 sumNanos=143355184 avgNanos=143355184
zil-app  | 2026-05-06T17:15:43.217Z  INFO 1 --- [   scheduling-1] r.observability.ObservabilityService     : LAB9 Observability window=1m category=db.car.findAll count=1 sumNanos=143095525 avgNanos=143095525
zil-app  | 2026-05-06T17:15:43.217Z  INFO 1 --- [   scheduling-1] r.observability.ObservabilityService     : LAB9 Observability window=1m category=web.StatsController.stats count=1 sumNanos=611244918 avgNanos=611244918
zil-app  | 2026-05-06T17:15:48.217Z  INFO 1 --- [   scheduling-1] r.observability.ObservabilityService     : LAB9 Observability window=30s category=web.ClientController.getClients count=1 sumNanos=2844877006 avgNanos=2844877006
zil-app  | 2026-05-06T17:15:48.218Z  INFO 1 --- [   scheduling-1] r.observability.ObservabilityService     : LAB9 Observability window=30s category=db.stats.countRents count=1 sumNanos=85271399 avgNanos=85271399
zil-app  | 2026-05-06T17:15:48.218Z  INFO 1 --- [   scheduling-1] r.observability.ObservabilityService     : LAB9 Observability window=30s category=web.RentController.getRents count=1 sumNanos=220546232 avgNanos=220546232
zil-app  | 2026-05-06T17:15:48.218Z  INFO 1 --- [   scheduling-1] r.observability.ObservabilityService     : LAB9 Observability window=30s category=db.client.findAll count=1 sumNanos=2844594012 avgNanos=2844594012
zil-app  | 2026-05-06T17:15:48.218Z  INFO 1 --- [   scheduling-1] r.observability.ObservabilityService     : LAB9 Observability window=30s category=db.rent.findAll count=1 sumNanos=220161038 avgNanos=220161038
zil-app  | 2026-05-06T17:15:48.218Z  INFO 1 --- [   scheduling-1] r.observability.ObservabilityService     : LAB9 Observability window=30s category=db.stats.countClients count=1 sumNanos=20117662 avgNanos=20117662
zil-app  | 2026-05-06T17:15:48.218Z  INFO 1 --- [   scheduling-1] r.observability.ObservabilityService     : LAB9 Observability window=30s category=db.stats.countCars count=1 sumNanos=505038197 avgNanos=505038197
zil-app  | 2026-05-06T17:15:48.218Z  INFO 1 --- [   scheduling-1] r.observability.ObservabilityService     : LAB9 Observability window=30s category=web.CarController.getCars count=1 sumNanos=143355184 avgNanos=143355184
zil-app  | 2026-05-06T17:15:48.218Z  INFO 1 --- [   scheduling-1] r.observability.ObservabilityService     : LAB9 Observability window=30s category=db.car.findAll count=1 sumNanos=143095525 avgNanos=143095525
zil-app  | 2026-05-06T17:15:48.218Z  INFO 1 --- [   scheduling-1] r.observability.ObservabilityService     : LAB9 Observability window=30s category=web.StatsController.stats count=1 sumNanos=611244918 avgNanos=611244918
zil-app  | 2026-05-06T17:15:48.218Z  INFO 1 --- [   scheduling-1] r.observability.ObservabilityService     : LAB9 Observability window=1m category=web.ClientController.getClients count=1 sumNanos=2844877006 avgNanos=2844877006
zil-app  | 2026-05-06T17:15:48.218Z  INFO 1 --- [   scheduling-1] r.observability.ObservabilityService     : LAB9 Observability window=1m category=db.stats.countRents count=1 sumNanos=85271399 avgNanos=85271399
zil-app  | 2026-05-06T17:15:48.218Z  INFO 1 --- [   scheduling-1] r.observability.ObservabilityService     : LAB9 Observability window=1m category=web.RentController.getRents count=1 sumNanos=220546232 avgNanos=220546232
zil-app  | 2026-05-06T17:15:48.218Z  INFO 1 --- [   scheduling-1] r.observability.ObservabilityService     : LAB9 Observability window=1m category=db.client.findAll count=1 sumNanos=2844594012 avgNanos=2844594012
zil-app  | 2026-05-06T17:15:48.218Z  INFO 1 --- [   scheduling-1] r.observability.ObservabilityService     : LAB9 Observability window=1m category=db.rent.findAll count=1 sumNanos=220161038 avgNanos=220161038
zil-app  | 2026-05-06T17:15:48.218Z  INFO 1 --- [   scheduling-1] r.observability.ObservabilityService     : LAB9 Observability window=1m category=db.stats.countClients count=1 sumNanos=20117662 avgNanos=20117662
zil-app  | 2026-05-06T17:15:48.218Z  INFO 1 --- [   scheduling-1] r.observability.ObservabilityService     : LAB9 Observability window=1m category=db.stats.countCars count=1 sumNanos=505038197 avgNanos=505038197
zil-app  | 2026-05-06T17:15:48.218Z  INFO 1 --- [   scheduling-1] r.observability.ObservabilityService     : LAB9 Observability window=1m category=web.CarController.getCars count=1 sumNanos=143355184 avgNanos=143355184
zil-app  | 2026-05-06T17:15:48.218Z  INFO 1 --- [   scheduling-1] r.observability.ObservabilityService     : LAB9 Observability window=1m category=db.car.findAll count=1 sumNanos=143095525 avgNanos=143095525
zil-app  | 2026-05-06T17:15:48.218Z  INFO 1 --- [   scheduling-1] r.observability.ObservabilityService     : LAB9 Observability window=1m category=web.StatsController.stats count=1 sumNanos=611244918 avgNanos=611244918
zil-app  | 2026-05-06T17:15:53.219Z  INFO 1 --- [   scheduling-1] r.observability.ObservabilityService     : LAB9 Observability window=30s category=web.ClientController.getClients count=1 sumNanos=2844877006 avgNanos=2844877006
zil-app  | 2026-05-06T17:15:53.219Z  INFO 1 --- [   scheduling-1] r.observability.ObservabilityService     : LAB9 Observability window=30s category=web.RentController.getRents count=1 sumNanos=220546232 avgNanos=220546232
zil-app  | 2026-05-06T17:15:53.219Z  INFO 1 --- [   scheduling-1] r.observability.ObservabilityService     : LAB9 Observability window=30s category=db.client.findAll count=1 sumNanos=2844594012 avgNanos=2844594012
zil-app  | 2026-05-06T17:15:53.219Z  INFO 1 --- [   scheduling-1] r.observability.ObservabilityService     : LAB9 Observability window=30s category=db.rent.findAll count=1 sumNanos=220161038 avgNanos=220161038
zil-app  | 2026-05-06T17:15:53.219Z  INFO 1 --- [   scheduling-1] r.observability.ObservabilityService     : LAB9 Observability window=30s category=web.CarController.getCars count=1 sumNanos=143355184 avgNanos=143355184
zil-app  | 2026-05-06T17:15:53.219Z  INFO 1 --- [   scheduling-1] r.observability.ObservabilityService     : LAB9 Observability window=30s category=db.car.findAll count=1 sumNanos=143095525 avgNanos=143095525
zil-app  | 2026-05-06T17:15:53.219Z  INFO 1 --- [   scheduling-1] r.observability.ObservabilityService     : LAB9 Observability window=1m category=web.ClientController.getClients count=1 sumNanos=2844877006 avgNanos=2844877006
zil-app  | 2026-05-06T17:15:53.219Z  INFO 1 --- [   scheduling-1] r.observability.ObservabilityService     : LAB9 Observability window=1m category=db.stats.countRents count=1 sumNanos=85271399 avgNanos=85271399
zil-app  | 2026-05-06T17:15:53.219Z  INFO 1 --- [   scheduling-1] r.observability.ObservabilityService     : LAB9 Observability window=1m category=web.RentController.getRents count=1 sumNanos=220546232 avgNanos=220546232
zil-app  | 2026-05-06T17:15:53.219Z  INFO 1 --- [   scheduling-1] r.observability.ObservabilityService     : LAB9 Observability window=1m category=db.client.findAll count=1 sumNanos=2844594012 avgNanos=2844594012
zil-app  | 2026-05-06T17:15:53.219Z  INFO 1 --- [   scheduling-1] r.observability.ObservabilityService     : LAB9 Observability window=1m category=db.rent.findAll count=1 sumNanos=220161038 avgNanos=220161038
zil-app  | 2026-05-06T17:15:53.220Z  INFO 1 --- [   scheduling-1] r.observability.ObservabilityService     : LAB9 Observability window=1m category=db.stats.countClients count=1 sumNanos=20117662 avgNanos=20117662
zil-app  | 2026-05-06T17:15:53.220Z  INFO 1 --- [   scheduling-1] r.observability.ObservabilityService     : LAB9 Observability window=1m category=db.stats.countCars count=1 sumNanos=505038197 avgNanos=505038197
zil-app  | 2026-05-06T17:15:53.220Z  INFO 1 --- [   scheduling-1] r.observability.ObservabilityService     : LAB9 Observability window=1m category=web.CarController.getCars count=1 sumNanos=143355184 avgNanos=143355184
zil-app  | 2026-05-06T17:15:53.220Z  INFO 1 --- [   scheduling-1] r.observability.ObservabilityService     : LAB9 Observability window=1m category=db.car.findAll count=1 sumNanos=143095525 avgNanos=143095525
zil-app  | 2026-05-06T17:15:53.220Z  INFO 1 --- [   scheduling-1] r.observability.ObservabilityService     : LAB9 Observability window=1m category=web.StatsController.stats count=1 sumNanos=611244918 avgNanos=611244918
zil-app  | 2026-05-06T17:15:58.220Z  INFO 1 --- [   scheduling-1] r.observability.ObservabilityService     : LAB9 Observability window=1m category=web.ClientController.getClients count=1 sumNanos=2844877006 avgNanos=2844877006
zil-app  | 2026-05-06T17:15:58.220Z  INFO 1 --- [   scheduling-1] r.observability.ObservabilityService     : LAB9 Observability window=1m category=db.stats.countRents count=1 sumNanos=85271399 avgNanos=85271399
zil-app  | 2026-05-06T17:15:58.221Z  INFO 1 --- [   scheduling-1] r.observability.ObservabilityService     : LAB9 Observability window=1m category=web.RentController.getRents count=1 sumNanos=220546232 avgNanos=220546232
zil-app  | 2026-05-06T17:15:58.221Z  INFO 1 --- [   scheduling-1] r.observability.ObservabilityService     : LAB9 Observability window=1m category=db.client.findAll count=1 sumNanos=2844594012 avgNanos=2844594012
zil-app  | 2026-05-06T17:15:58.221Z  INFO 1 --- [   scheduling-1] r.observability.ObservabilityService     : LAB9 Observability window=1m category=db.rent.findAll count=1 sumNanos=220161038 avgNanos=220161038
zil-app  | 2026-05-06T17:15:58.221Z  INFO 1 --- [   scheduling-1] r.observability.ObservabilityService     : LAB9 Observability window=1m category=db.stats.countClients count=1 sumNanos=20117662 avgNanos=20117662
zil-app  | 2026-05-06T17:15:58.221Z  INFO 1 --- [   scheduling-1] r.observability.ObservabilityService     : LAB9 Observability window=1m category=db.stats.countCars count=1 sumNanos=505038197 avgNanos=505038197
zil-app  | 2026-05-06T17:15:58.221Z  INFO 1 --- [   scheduling-1] r.observability.ObservabilityService     : LAB9 Observability window=1m category=web.CarController.getCars count=1 sumNanos=143355184 avgNanos=143355184
zil-app  | 2026-05-06T17:15:58.221Z  INFO 1 --- [   scheduling-1] r.observability.ObservabilityService     : LAB9 Observability window=1m category=db.car.findAll count=1 sumNanos=143095525 avgNanos=143095525
zil-app  | 2026-05-06T17:15:58.221Z  INFO 1 --- [   scheduling-1] r.observability.ObservabilityService     : LAB9 Observability window=1m category=web.StatsController.stats count=1 sumNanos=611244918 avgNanos=611244918
zil-app  | 2026-05-06T17:16:03.221Z  INFO 1 --- [   scheduling-1] r.observability.ObservabilityService     : LAB9 Observability window=1m category=web.ClientController.getClients count=1 sumNanos=2844877006 avgNanos=2844877006
zil-app  | 2026-05-06T17:16:03.221Z  INFO 1 --- [   scheduling-1] r.observability.ObservabilityService     : LAB9 Observability window=1m category=db.stats.countRents count=1 sumNanos=85271399 avgNanos=85271399
zil-app  | 2026-05-06T17:16:03.222Z  INFO 1 --- [   scheduling-1] r.observability.ObservabilityService     : LAB9 Observability window=1m category=web.RentController.getRents count=1 sumNanos=220546232 avgNanos=220546232
zil-app  | 2026-05-06T17:16:03.222Z  INFO 1 --- [   scheduling-1] r.observability.ObservabilityService     : LAB9 Observability window=1m category=db.client.findAll count=1 sumNanos=2844594012 avgNanos=2844594012
zil-app  | 2026-05-06T17:16:03.222Z  INFO 1 --- [   scheduling-1] r.observability.ObservabilityService     : LAB9 Observability window=1m category=db.rent.findAll count=1 sumNanos=220161038 avgNanos=220161038
zil-app  | 2026-05-06T17:16:03.222Z  INFO 1 --- [   scheduling-1] r.observability.ObservabilityService     : LAB9 Observability window=1m category=db.stats.countClients count=1 sumNanos=20117662 avgNanos=20117662
zil-app  | 2026-05-06T17:16:03.222Z  INFO 1 --- [   scheduling-1] r.observability.ObservabilityService     : LAB9 Observability window=1m category=db.stats.countCars count=1 sumNanos=505038197 avgNanos=505038197
zil-app  | 2026-05-06T17:16:03.222Z  INFO 1 --- [   scheduling-1] r.observability.ObservabilityService     : LAB9 Observability window=1m category=web.CarController.getCars count=1 sumNanos=143355184 avgNanos=143355184
zil-app  | 2026-05-06T17:16:03.222Z  INFO 1 --- [   scheduling-1] r.observability.ObservabilityService     : LAB9 Observability window=1m category=db.car.findAll count=1 sumNanos=143095525 avgNanos=143095525
zil-app  | 2026-05-06T17:16:03.222Z  INFO 1 --- [   scheduling-1] r.observability.ObservabilityService     : LAB9 Observability window=1m category=web.StatsController.stats count=1 sumNanos=611244918 avgNanos=611244918
zil-app  | 2026-05-06T17:16:08.222Z  INFO 1 --- [   scheduling-1] r.observability.ObservabilityService     : LAB9 Observability window=1m category=web.ClientController.getClients count=1 sumNanos=2844877006 avgNanos=2844877006
zil-app  | 2026-05-06T17:16:08.223Z  INFO 1 --- [   scheduling-1] r.observability.ObservabilityService     : LAB9 Observability window=1m category=db.stats.countRents count=1 sumNanos=85271399 avgNanos=85271399
zil-app  | 2026-05-06T17:16:08.223Z  INFO 1 --- [   scheduling-1] r.observability.ObservabilityService     : LAB9 Observability window=1m category=web.RentController.getRents count=1 sumNanos=220546232 avgNanos=220546232
zil-app  | 2026-05-06T17:16:08.223Z  INFO 1 --- [   scheduling-1] r.observability.ObservabilityService     : LAB9 Observability window=1m category=db.client.findAll count=1 sumNanos=2844594012 avgNanos=2844594012
zil-app  | 2026-05-06T17:16:08.223Z  INFO 1 --- [   scheduling-1] r.observability.ObservabilityService     : LAB9 Observability window=1m category=db.rent.findAll count=1 sumNanos=220161038 avgNanos=220161038
zil-app  | 2026-05-06T17:16:08.223Z  INFO 1 --- [   scheduling-1] r.observability.ObservabilityService     : LAB9 Observability window=1m category=db.stats.countClients count=1 sumNanos=20117662 avgNanos=20117662
zil-app  | 2026-05-06T17:16:08.223Z  INFO 1 --- [   scheduling-1] r.observability.ObservabilityService     : LAB9 Observability window=1m category=db.stats.countCars count=1 sumNanos=505038197 avgNanos=505038197
zil-app  | 2026-05-06T17:16:08.223Z  INFO 1 --- [   scheduling-1] r.observability.ObservabilityService     : LAB9 Observability window=1m category=web.CarController.getCars count=1 sumNanos=143355184 avgNanos=143355184
zil-app  | 2026-05-06T17:16:08.223Z  INFO 1 --- [   scheduling-1] r.observability.ObservabilityService     : LAB9 Observability window=1m category=db.car.findAll count=1 sumNanos=143095525 avgNanos=143095525
zil-app  | 2026-05-06T17:16:08.223Z  INFO 1 --- [   scheduling-1] r.observability.ObservabilityService     : LAB9 Observability window=1m category=web.StatsController.stats count=1 sumNanos=611244918 avgNanos=611244918
zil-app  | 2026-05-06T17:16:13.223Z  INFO 1 --- [   scheduling-1] r.observability.ObservabilityService     : LAB9 Observability window=1m category=web.ClientController.getClients count=1 sumNanos=2844877006 avgNanos=2844877006
zil-app  | 2026-05-06T17:16:13.224Z  INFO 1 --- [   scheduling-1] r.observability.ObservabilityService     : LAB9 Observability window=1m category=db.stats.countRents count=1 sumNanos=85271399 avgNanos=85271399
zil-app  | 2026-05-06T17:16:13.224Z  INFO 1 --- [   scheduling-1] r.observability.ObservabilityService     : LAB9 Observability window=1m category=web.RentController.getRents count=1 sumNanos=220546232 avgNanos=220546232
zil-app  | 2026-05-06T17:16:13.224Z  INFO 1 --- [   scheduling-1] r.observability.ObservabilityService     : LAB9 Observability window=1m category=db.client.findAll count=1 sumNanos=2844594012 avgNanos=2844594012
zil-app  | 2026-05-06T17:16:13.224Z  INFO 1 --- [   scheduling-1] r.observability.ObservabilityService     : LAB9 Observability window=1m category=db.rent.findAll count=1 sumNanos=220161038 avgNanos=220161038
zil-app  | 2026-05-06T17:16:13.224Z  INFO 1 --- [   scheduling-1] r.observability.ObservabilityService     : LAB9 Observability window=1m category=db.stats.countClients count=1 sumNanos=20117662 avgNanos=20117662
zil-app  | 2026-05-06T17:16:13.224Z  INFO 1 --- [   scheduling-1] r.observability.ObservabilityService     : LAB9 Observability window=1m category=db.stats.countCars count=1 sumNanos=505038197 avgNanos=505038197
zil-app  | 2026-05-06T17:16:13.224Z  INFO 1 --- [   scheduling-1] r.observability.ObservabilityService     : LAB9 Observability window=1m category=web.CarController.getCars count=1 sumNanos=143355184 avgNanos=143355184
zil-app  | 2026-05-06T17:16:13.224Z  INFO 1 --- [   scheduling-1] r.observability.ObservabilityService     : LAB9 Observability window=1m category=db.car.findAll count=1 sumNanos=143095525 avgNanos=143095525
zil-app  | 2026-05-06T17:16:13.224Z  INFO 1 --- [   scheduling-1] r.observability.ObservabilityService     : LAB9 Observability window=1m category=web.StatsController.stats count=1 sumNanos=611244918 avgNanos=611244918
zil-app  | 2026-05-06T17:16:18.224Z  INFO 1 --- [   scheduling-1] r.observability.ObservabilityService     : LAB9 Observability window=1m category=web.ClientController.getClients count=1 sumNanos=2844877006 avgNanos=2844877006
zil-app  | 2026-05-06T17:16:18.225Z  INFO 1 --- [   scheduling-1] r.observability.ObservabilityService     : LAB9 Observability window=1m category=db.stats.countRents count=1 sumNanos=85271399 avgNanos=85271399
zil-app  | 2026-05-06T17:16:18.225Z  INFO 1 --- [   scheduling-1] r.observability.ObservabilityService     : LAB9 Observability window=1m category=web.RentController.getRents count=1 sumNanos=220546232 avgNanos=220546232
zil-app  | 2026-05-06T17:16:18.225Z  INFO 1 --- [   scheduling-1] r.observability.ObservabilityService     : LAB9 Observability window=1m category=db.client.findAll count=1 sumNanos=2844594012 avgNanos=2844594012
zil-app  | 2026-05-06T17:16:18.225Z  INFO 1 --- [   scheduling-1] r.observability.ObservabilityService     : LAB9 Observability window=1m category=db.rent.findAll count=1 sumNanos=220161038 avgNanos=220161038
zil-app  | 2026-05-06T17:16:18.225Z  INFO 1 --- [   scheduling-1] r.observability.ObservabilityService     : LAB9 Observability window=1m category=db.stats.countClients count=1 sumNanos=20117662 avgNanos=20117662
zil-app  | 2026-05-06T17:16:18.225Z  INFO 1 --- [   scheduling-1] r.observability.ObservabilityService     : LAB9 Observability window=1m category=db.stats.countCars count=1 sumNanos=505038197 avgNanos=505038197
zil-app  | 2026-05-06T17:16:18.225Z  INFO 1 --- [   scheduling-1] r.observability.ObservabilityService     : LAB9 Observability window=1m category=web.CarController.getCars count=1 sumNanos=143355184 avgNanos=143355184
zil-additional-service  | 
zil-additional-service  |   .   ____          _            __ _ _
zil-additional-service  |  /\\ / ___'_ __ _ _(_)_ __  __ _ \ \ \ \
zil-additional-service  | ( ( )\___ | '_ | '_| | '_ \/ _` | \ \ \ \
zil-additional-service  |  \\/  ___)| |_)| | | | | || (_| |  ) ) ) )
zil-additional-service  |   '  |____| .__|_| |_|_| |_\__, | / / / /
zil-additional-service  |  =========|_|==============|___/=/_/_/_/
zil-additional-service  | 
zil-additional-service  |  :: Spring Boot ::                (v4.0.6)
zil-additional-service  | 
zil-additional-service  | 2026-05-06T17:14:40.975Z  INFO 1 --- [zil-additional-service] [           main] r.a.ZilAdditionalServiceApplication      : Starting ZilAdditionalServiceApplication v0.0.1-SNAPSHOT using Java 25.0.3 with PID 1 (/app/app.jar started by root in /app)
zil-additional-service  | 2026-05-06T17:14:40.982Z  INFO 1 --- [zil-additional-service] [           main] r.a.ZilAdditionalServiceApplication      : No active profile set, falling back to 1 default profile: "default"
zil-additional-service  | 2026-05-06T17:14:49.082Z  INFO 1 --- [zil-additional-service] [           main] o.s.boot.tomcat.TomcatWebServer          : Tomcat initialized with port 8084 (http)
zil-additional-service  | 2026-05-06T17:14:49.173Z  INFO 1 --- [zil-additional-service] [           main] o.apache.catalina.core.StandardService   : Starting service [Tomcat]
zil-additional-service  | 2026-05-06T17:14:49.174Z  INFO 1 --- [zil-additional-service] [           main] o.apache.catalina.core.StandardEngine    : Starting Servlet engine: [Apache Tomcat/11.0.21]
zil-additional-service  | 2026-05-06T17:14:49.862Z  INFO 1 --- [zil-additional-service] [           main] b.w.c.s.WebApplicationContextInitializer : Root WebApplicationContext: initialization completed in 8385 ms
zil-app                 | 2026-05-06T17:16:18.225Z  INFO 1 --- [   scheduling-1] r.observability.ObservabilityService     : LAB9 Observability window=1m category=db.car.findAll count=1 sumNanos=143095525 avgNanos=143095525
zil-app                 | 2026-05-06T17:16:18.225Z  INFO 1 --- [   scheduling-1] r.observability.ObservabilityService     : LAB9 Observability window=1m category=web.StatsController.stats count=1 sumNanos=611244918 avgNanos=611244918
zil-app                 | 2026-05-06T17:16:23.225Z  INFO 1 --- [   scheduling-1] r.observability.ObservabilityService     : LAB9 Observability window=1m category=web.ClientController.getClients count=1 sumNanos=2844877006 avgNanos=2844877006
zil-app                 | 2026-05-06T17:16:23.226Z  INFO 1 --- [   scheduling-1] r.observability.ObservabilityService     : LAB9 Observability window=1m category=web.RentController.getRents count=1 sumNanos=220546232 avgNanos=220546232
zil-app                 | 2026-05-06T17:16:23.226Z  INFO 1 --- [   scheduling-1] r.observability.ObservabilityService     : LAB9 Observability window=1m category=db.client.findAll count=1 sumNanos=2844594012 avgNanos=2844594012
zil-app                 | 2026-05-06T17:16:23.226Z  INFO 1 --- [   scheduling-1] r.observability.ObservabilityService     : LAB9 Observability window=1m category=db.rent.findAll count=1 sumNanos=220161038 avgNanos=220161038
zil-app                 | 2026-05-06T17:16:23.226Z  INFO 1 --- [   scheduling-1] r.observability.ObservabilityService     : LAB9 Observability window=1m category=web.CarController.getCars count=1 sumNanos=143355184 avgNanos=143355184
zil-app                 | 2026-05-06T17:16:23.226Z  INFO 1 --- [   scheduling-1] r.observability.ObservabilityService     : LAB9 Observability window=1m category=db.car.findAll count=1 sumNanos=143095525 avgNanos=143095525
zil-additional-service  | 2026-05-06T17:14:55.578Z  INFO 1 --- [zil-additional-service] [           main] o.s.b.a.e.web.EndpointLinksResolver      : Exposing 1 endpoint beneath base path '/actuator'
zil-additional-service  | 2026-05-06T17:14:56.187Z  INFO 1 --- [zil-additional-service] [           main] o.s.boot.tomcat.TomcatWebServer          : Tomcat started on port 8084 (http) with context path '/'
zil-additional-service  | 2026-05-06T17:14:56.268Z  INFO 1 --- [zil-additional-service] [           main] r.a.ZilAdditionalServiceApplication      : Started ZilAdditionalServiceApplication in 18.488 seconds (process running for 21.595)
zil-additional-service  | 2026-05-06T17:14:56.363Z  INFO 1 --- [zil-additional-service] [   scheduling-1] r.additional.service.ClientCacheService  : [client-cache-statistics] Client cache size=0
zil-additional-service  | 2026-05-06T17:14:56.371Z  INFO 1 --- [zil-additional-service] [   scheduling-1] r.additional.service.CarCacheService     : [car-cache-statistics] Car cache size=0
zil-additional-service  | 2026-05-06T17:15:06.264Z  INFO 1 --- [zil-additional-service] [   scheduling-1] r.additional.service.ClientCacheService  : [client-cache-statistics] Client cache size=0
zil-additional-service  | 2026-05-06T17:15:06.265Z  INFO 1 --- [zil-additional-service] [   scheduling-1] r.additional.service.CarCacheService     : [car-cache-statistics] Car cache size=0
zil-additional-service  | 2026-05-06T17:15:16.264Z  INFO 1 --- [zil-additional-service] [   scheduling-1] r.additional.service.ClientCacheService  : [client-cache-statistics] Client cache size=0
zil-additional-service  | 2026-05-06T17:15:16.265Z  INFO 1 --- [zil-additional-service] [   scheduling-1] r.additional.service.CarCacheService     : [car-cache-statistics] Car cache size=0
zil-additional-service  | 2026-05-06T17:15:21.160Z  INFO 1 --- [zil-additional-service] [nio-8084-exec-1] o.a.c.c.C.[Tomcat].[localhost].[/]       : Initializing Spring DispatcherServlet 'dispatcherServlet'
zil-additional-service  | 2026-05-06T17:15:21.160Z  INFO 1 --- [zil-additional-service] [nio-8084-exec-1] o.s.web.servlet.DispatcherServlet        : Initializing Servlet 'dispatcherServlet'
zil-additional-service  | 2026-05-06T17:15:21.163Z  INFO 1 --- [zil-additional-service] [nio-8084-exec-1] o.s.web.servlet.DispatcherServlet        : Completed initialization in 2 ms
zil-additional-service  | 2026-05-06T17:15:26.264Z  INFO 1 --- [zil-additional-service] [   scheduling-1] r.additional.service.ClientCacheService  : [client-cache-statistics] Client cache size=0
zil-additional-service  | 2026-05-06T17:15:26.264Z  INFO 1 --- [zil-additional-service] [   scheduling-1] r.additional.service.CarCacheService     : [car-cache-statistics] Car cache size=0
zil-additional-service  | 2026-05-06T17:15:31.458Z  INFO 1 --- [zil-additional-service] [   scheduling-1] r.a.observability.ObservabilityService   : LAB9 Observability window=10s category=additional.statsComputation.stats count=1 sumNanos=47190 avgNanos=47190
zil-additional-service  | 2026-05-06T17:15:31.459Z  INFO 1 --- [zil-additional-service] [   scheduling-1] r.a.observability.ObservabilityService   : LAB9 Observability window=10s category=web.additional.stats count=1 sumNanos=6385361456 avgNanos=6385361456
zil-additional-service  | 2026-05-06T17:15:31.459Z  INFO 1 --- [zil-additional-service] [   scheduling-1] r.a.observability.ObservabilityService   : LAB9 Observability window=10s category=http.main.clients count=1 sumNanos=5390605934 avgNanos=5390605934
zil-additional-service  | 2026-05-06T17:15:31.459Z  INFO 1 --- [zil-additional-service] [   scheduling-1] r.a.observability.ObservabilityService   : LAB9 Observability window=10s category=http.main.rents count=1 sumNanos=526232117 avgNanos=526232117
zil-additional-service  | 2026-05-06T17:15:31.459Z  INFO 1 --- [zil-additional-service] [   scheduling-1] r.a.observability.ObservabilityService   : LAB9 Observability window=10s category=http.main.cars count=1 sumNanos=380617790 avgNanos=380617790
zil-additional-service  | 2026-05-06T17:15:31.459Z  INFO 1 --- [zil-additional-service] [   scheduling-1] r.a.observability.ObservabilityService   : LAB9 Observability window=30s category=additional.statsComputation.stats count=1 sumNanos=47190 avgNanos=47190
zil-additional-service  | 2026-05-06T17:15:31.459Z  INFO 1 --- [zil-additional-service] [   scheduling-1] r.a.observability.ObservabilityService   : LAB9 Observability window=30s category=web.additional.stats count=1 sumNanos=6385361456 avgNanos=6385361456
zil-additional-service  | 2026-05-06T17:15:31.459Z  INFO 1 --- [zil-additional-service] [   scheduling-1] r.a.observability.ObservabilityService   : LAB9 Observability window=30s category=http.main.clients count=1 sumNanos=5390605934 avgNanos=5390605934
zil-additional-service  | 2026-05-06T17:15:31.459Z  INFO 1 --- [zil-additional-service] [   scheduling-1] r.a.observability.ObservabilityService   : LAB9 Observability window=30s category=http.main.rents count=1 sumNanos=526232117 avgNanos=526232117
zil-additional-service  | 2026-05-06T17:15:31.459Z  INFO 1 --- [zil-additional-service] [   scheduling-1] r.a.observability.ObservabilityService   : LAB9 Observability window=30s category=http.main.cars count=1 sumNanos=380617790 avgNanos=380617790
zil-additional-service  | 2026-05-06T17:15:31.459Z  INFO 1 --- [zil-additional-service] [   scheduling-1] r.a.observability.ObservabilityService   : LAB9 Observability window=1m category=additional.statsComputation.stats count=1 sumNanos=47190 avgNanos=47190
zil-additional-service  | 2026-05-06T17:15:31.460Z  INFO 1 --- [zil-additional-service] [   scheduling-1] r.a.observability.ObservabilityService   : LAB9 Observability window=1m category=web.additional.stats count=1 sumNanos=6385361456 avgNanos=6385361456
zil-additional-service  | 2026-05-06T17:15:31.460Z  INFO 1 --- [zil-additional-service] [   scheduling-1] r.a.observability.ObservabilityService   : LAB9 Observability window=1m category=http.main.clients count=1 sumNanos=5390605934 avgNanos=5390605934
zil-additional-service  | 2026-05-06T17:15:31.460Z  INFO 1 --- [zil-additional-service] [   scheduling-1] r.a.observability.ObservabilityService   : LAB9 Observability window=1m category=http.main.rents count=1 sumNanos=526232117 avgNanos=526232117
zil-additional-service  | 2026-05-06T17:15:31.460Z  INFO 1 --- [zil-additional-service] [   scheduling-1] r.a.observability.ObservabilityService   : LAB9 Observability window=1m category=http.main.cars count=1 sumNanos=380617790 avgNanos=380617790
zil-additional-service  | 2026-05-06T17:15:36.264Z  INFO 1 --- [zil-additional-service] [   scheduling-1] r.additional.service.ClientCacheService  : [client-cache-statistics] Client cache size=48848
zil-additional-service  | 2026-05-06T17:15:36.265Z  INFO 1 --- [zil-additional-service] [   scheduling-1] r.additional.service.CarCacheService     : [car-cache-statistics] Car cache size=1000
zil-additional-service  | 2026-05-06T17:15:36.461Z  INFO 1 --- [zil-additional-service] [   scheduling-1] r.a.observability.ObservabilityService   : LAB9 Observability window=10s category=additional.statsComputation.stats count=1 sumNanos=47190 avgNanos=47190
zil-additional-service  | 2026-05-06T17:15:36.461Z  INFO 1 --- [zil-additional-service] [   scheduling-1] r.a.observability.ObservabilityService   : LAB9 Observability window=10s category=web.additional.stats count=1 sumNanos=6385361456 avgNanos=6385361456
zil-additional-service  | 2026-05-06T17:15:36.461Z  INFO 1 --- [zil-additional-service] [   scheduling-1] r.a.observability.ObservabilityService   : LAB9 Observability window=10s category=http.main.clients count=1 sumNanos=5390605934 avgNanos=5390605934
zil-additional-service  | 2026-05-06T17:15:36.461Z  INFO 1 --- [zil-additional-service] [   scheduling-1] r.a.observability.ObservabilityService   : LAB9 Observability window=10s category=http.main.rents count=1 sumNanos=526232117 avgNanos=526232117
zil-additional-service  | 2026-05-06T17:15:36.461Z  INFO 1 --- [zil-additional-service] [   scheduling-1] r.a.observability.ObservabilityService   : LAB9 Observability window=10s category=http.main.cars count=1 sumNanos=380617790 avgNanos=380617790
zil-additional-service  | 2026-05-06T17:15:36.461Z  INFO 1 --- [zil-additional-service] [   scheduling-1] r.a.observability.ObservabilityService   : LAB9 Observability window=30s category=additional.statsComputation.stats count=1 sumNanos=47190 avgNanos=47190
zil-additional-service  | 2026-05-06T17:15:36.462Z  INFO 1 --- [zil-additional-service] [   scheduling-1] r.a.observability.ObservabilityService   : LAB9 Observability window=30s category=web.additional.stats count=1 sumNanos=6385361456 avgNanos=6385361456
zil-additional-service  | 2026-05-06T17:15:36.462Z  INFO 1 --- [zil-additional-service] [   scheduling-1] r.a.observability.ObservabilityService   : LAB9 Observability window=30s category=http.main.clients count=1 sumNanos=5390605934 avgNanos=5390605934
zil-additional-service  | 2026-05-06T17:15:36.462Z  INFO 1 --- [zil-additional-service] [   scheduling-1] r.a.observability.ObservabilityService   : LAB9 Observability window=30s category=http.main.rents count=1 sumNanos=526232117 avgNanos=526232117
zil-additional-service  | 2026-05-06T17:15:36.463Z  INFO 1 --- [zil-additional-service] [   scheduling-1] r.a.observability.ObservabilityService   : LAB9 Observability window=30s category=http.main.cars count=1 sumNanos=380617790 avgNanos=380617790
zil-additional-service  | 2026-05-06T17:15:36.463Z  INFO 1 --- [zil-additional-service] [   scheduling-1] r.a.observability.ObservabilityService   : LAB9 Observability window=1m category=additional.statsComputation.stats count=1 sumNanos=47190 avgNanos=47190
zil-additional-service  | 2026-05-06T17:15:36.463Z  INFO 1 --- [zil-additional-service] [   scheduling-1] r.a.observability.ObservabilityService   : LAB9 Observability window=1m category=web.additional.stats count=1 sumNanos=6385361456 avgNanos=6385361456
zil-additional-service  | 2026-05-06T17:15:36.463Z  INFO 1 --- [zil-additional-service] [   scheduling-1] r.a.observability.ObservabilityService   : LAB9 Observability window=1m category=http.main.clients count=1 sumNanos=5390605934 avgNanos=5390605934
zil-additional-service  | 2026-05-06T17:15:36.463Z  INFO 1 --- [zil-additional-service] [   scheduling-1] r.a.observability.ObservabilityService   : LAB9 Observability window=1m category=http.main.rents count=1 sumNanos=526232117 avgNanos=526232117
zil-additional-service  | 2026-05-06T17:15:36.464Z  INFO 1 --- [zil-additional-service] [   scheduling-1] r.a.observability.ObservabilityService   : LAB9 Observability window=1m category=http.main.cars count=1 sumNanos=380617790 avgNanos=380617790
zil-additional-service  | 2026-05-06T17:15:41.464Z  INFO 1 --- [zil-additional-service] [   scheduling-1] r.a.observability.ObservabilityService   : LAB9 Observability window=30s category=additional.statsComputation.stats count=1 sumNanos=47190 avgNanos=47190
zil-additional-service  | 2026-05-06T17:15:41.465Z  INFO 1 --- [zil-additional-service] [   scheduling-1] r.a.observability.ObservabilityService   : LAB9 Observability window=30s category=web.additional.stats count=1 sumNanos=6385361456 avgNanos=6385361456
zil-additional-service  | 2026-05-06T17:15:41.465Z  INFO 1 --- [zil-additional-service] [   scheduling-1] r.a.observability.ObservabilityService   : LAB9 Observability window=30s category=http.main.clients count=1 sumNanos=5390605934 avgNanos=5390605934
zil-additional-service  | 2026-05-06T17:15:41.465Z  INFO 1 --- [zil-additional-service] [   scheduling-1] r.a.observability.ObservabilityService   : LAB9 Observability window=30s category=http.main.rents count=1 sumNanos=526232117 avgNanos=526232117
zil-additional-service  | 2026-05-06T17:15:41.465Z  INFO 1 --- [zil-additional-service] [   scheduling-1] r.a.observability.ObservabilityService   : LAB9 Observability window=30s category=http.main.cars count=1 sumNanos=380617790 avgNanos=380617790
zil-additional-service  | 2026-05-06T17:15:41.465Z  INFO 1 --- [zil-additional-service] [   scheduling-1] r.a.observability.ObservabilityService   : LAB9 Observability window=1m category=additional.statsComputation.stats count=1 sumNanos=47190 avgNanos=47190
zil-additional-service  | 2026-05-06T17:15:41.465Z  INFO 1 --- [zil-additional-service] [   scheduling-1] r.a.observability.ObservabilityService   : LAB9 Observability window=1m category=web.additional.stats count=1 sumNanos=6385361456 avgNanos=6385361456
zil-additional-service  | 2026-05-06T17:15:41.465Z  INFO 1 --- [zil-additional-service] [   scheduling-1] r.a.observability.ObservabilityService   : LAB9 Observability window=1m category=http.main.clients count=1 sumNanos=5390605934 avgNanos=5390605934
zil-additional-service  | 2026-05-06T17:15:41.465Z  INFO 1 --- [zil-additional-service] [   scheduling-1] r.a.observability.ObservabilityService   : LAB9 Observability window=1m category=http.main.rents count=1 sumNanos=526232117 avgNanos=526232117
zil-additional-service  | 2026-05-06T17:15:41.466Z  INFO 1 --- [zil-additional-service] [   scheduling-1] r.a.observability.ObservabilityService   : LAB9 Observability window=1m category=http.main.cars count=1 sumNanos=380617790 avgNanos=380617790
zil-additional-service  | 2026-05-06T17:15:46.264Z  INFO 1 --- [zil-additional-service] [   scheduling-1] r.additional.service.ClientCacheService  : [client-cache-statistics] Client cache size=48848
zil-additional-service  | 2026-05-06T17:15:46.265Z  INFO 1 --- [zil-additional-service] [   scheduling-1] r.additional.service.CarCacheService     : [car-cache-statistics] Car cache size=1000
zil-additional-service  | 2026-05-06T17:15:46.467Z  INFO 1 --- [zil-additional-service] [   scheduling-1] r.a.observability.ObservabilityService   : LAB9 Observability window=30s category=additional.statsComputation.stats count=1 sumNanos=47190 avgNanos=47190
zil-additional-service  | 2026-05-06T17:15:46.468Z  INFO 1 --- [zil-additional-service] [   scheduling-1] r.a.observability.ObservabilityService   : LAB9 Observability window=30s category=web.additional.stats count=1 sumNanos=6385361456 avgNanos=6385361456
zil-additional-service  | 2026-05-06T17:15:46.468Z  INFO 1 --- [zil-additional-service] [   scheduling-1] r.a.observability.ObservabilityService   : LAB9 Observability window=30s category=http.main.clients count=1 sumNanos=5390605934 avgNanos=5390605934
zil-additional-service  | 2026-05-06T17:15:46.468Z  INFO 1 --- [zil-additional-service] [   scheduling-1] r.a.observability.ObservabilityService   : LAB9 Observability window=30s category=http.main.rents count=1 sumNanos=526232117 avgNanos=526232117
zil-additional-service  | 2026-05-06T17:15:46.468Z  INFO 1 --- [zil-additional-service] [   scheduling-1] r.a.observability.ObservabilityService   : LAB9 Observability window=30s category=http.main.cars count=1 sumNanos=380617790 avgNanos=380617790
zil-additional-service  | 2026-05-06T17:15:46.468Z  INFO 1 --- [zil-additional-service] [   scheduling-1] r.a.observability.ObservabilityService   : LAB9 Observability window=1m category=additional.statsComputation.stats count=1 sumNanos=47190 avgNanos=47190
zil-additional-service  | 2026-05-06T17:15:46.468Z  INFO 1 --- [zil-additional-service] [   scheduling-1] r.a.observability.ObservabilityService   : LAB9 Observability window=1m category=web.additional.stats count=1 sumNanos=6385361456 avgNanos=6385361456
zil-additional-service  | 2026-05-06T17:15:46.468Z  INFO 1 --- [zil-additional-service] [   scheduling-1] r.a.observability.ObservabilityService   : LAB9 Observability window=1m category=http.main.clients count=1 sumNanos=5390605934 avgNanos=5390605934
zil-additional-service  | 2026-05-06T17:15:46.468Z  INFO 1 --- [zil-additional-service] [   scheduling-1] r.a.observability.ObservabilityService   : LAB9 Observability window=1m category=http.main.rents count=1 sumNanos=526232117 avgNanos=526232117
zil-additional-service  | 2026-05-06T17:15:46.468Z  INFO 1 --- [zil-additional-service] [   scheduling-1] r.a.observability.ObservabilityService   : LAB9 Observability window=1m category=http.main.cars count=1 sumNanos=380617790 avgNanos=380617790
zil-additional-service  | 2026-05-06T17:15:51.469Z  INFO 1 --- [zil-additional-service] [   scheduling-1] r.a.observability.ObservabilityService   : LAB9 Observability window=30s category=additional.statsComputation.stats count=1 sumNanos=47190 avgNanos=47190
zil-additional-service  | 2026-05-06T17:15:51.470Z  INFO 1 --- [zil-additional-service] [   scheduling-1] r.a.observability.ObservabilityService   : LAB9 Observability window=30s category=web.additional.stats count=1 sumNanos=6385361456 avgNanos=6385361456
zil-additional-service  | 2026-05-06T17:15:51.470Z  INFO 1 --- [zil-additional-service] [   scheduling-1] r.a.observability.ObservabilityService   : LAB9 Observability window=30s category=http.main.clients count=1 sumNanos=5390605934 avgNanos=5390605934
zil-additional-service  | 2026-05-06T17:15:51.470Z  INFO 1 --- [zil-additional-service] [   scheduling-1] r.a.observability.ObservabilityService   : LAB9 Observability window=30s category=http.main.rents count=1 sumNanos=526232117 avgNanos=526232117
zil-additional-service  | 2026-05-06T17:15:51.470Z  INFO 1 --- [zil-additional-service] [   scheduling-1] r.a.observability.ObservabilityService   : LAB9 Observability window=30s category=http.main.cars count=1 sumNanos=380617790 avgNanos=380617790
zil-additional-service  | 2026-05-06T17:15:51.470Z  INFO 1 --- [zil-additional-service] [   scheduling-1] r.a.observability.ObservabilityService   : LAB9 Observability window=1m category=additional.statsComputation.stats count=1 sumNanos=47190 avgNanos=47190
zil-additional-service  | 2026-05-06T17:15:51.470Z  INFO 1 --- [zil-additional-service] [   scheduling-1] r.a.observability.ObservabilityService   : LAB9 Observability window=1m category=web.additional.stats count=1 sumNanos=6385361456 avgNanos=6385361456
zil-additional-service  | 2026-05-06T17:15:51.470Z  INFO 1 --- [zil-additional-service] [   scheduling-1] r.a.observability.ObservabilityService   : LAB9 Observability window=1m category=http.main.clients count=1 sumNanos=5390605934 avgNanos=5390605934
zil-additional-service  | 2026-05-06T17:15:51.471Z  INFO 1 --- [zil-additional-service] [   scheduling-1] r.a.observability.ObservabilityService   : LAB9 Observability window=1m category=http.main.rents count=1 sumNanos=526232117 avgNanos=526232117
zil-additional-service  | 2026-05-06T17:15:51.471Z  INFO 1 --- [zil-additional-service] [   scheduling-1] r.a.observability.ObservabilityService   : LAB9 Observability window=1m category=http.main.cars count=1 sumNanos=380617790 avgNanos=380617790
zil-additional-service  | 2026-05-06T17:15:56.264Z  INFO 1 --- [zil-additional-service] [   scheduling-1] r.additional.service.ClientCacheService  : [client-cache-statistics] Client cache size=48848
zil-additional-service  | 2026-05-06T17:15:56.265Z  INFO 1 --- [zil-additional-service] [   scheduling-1] r.additional.service.CarCacheService     : [car-cache-statistics] Car cache size=1000
zil-additional-service  | 2026-05-06T17:15:56.471Z  INFO 1 --- [zil-additional-service] [   scheduling-1] r.a.observability.ObservabilityService   : LAB9 Observability window=30s category=additional.statsComputation.stats count=1 sumNanos=47190 avgNanos=47190
zil-additional-service  | 2026-05-06T17:15:56.472Z  INFO 1 --- [zil-additional-service] [   scheduling-1] r.a.observability.ObservabilityService   : LAB9 Observability window=30s category=web.additional.stats count=1 sumNanos=6385361456 avgNanos=6385361456
zil-additional-service  | 2026-05-06T17:15:56.472Z  INFO 1 --- [zil-additional-service] [   scheduling-1] r.a.observability.ObservabilityService   : LAB9 Observability window=30s category=http.main.clients count=1 sumNanos=5390605934 avgNanos=5390605934
zil-additional-service  | 2026-05-06T17:15:56.472Z  INFO 1 --- [zil-additional-service] [   scheduling-1] r.a.observability.ObservabilityService   : LAB9 Observability window=30s category=http.main.rents count=1 sumNanos=526232117 avgNanos=526232117
zil-additional-service  | 2026-05-06T17:15:56.472Z  INFO 1 --- [zil-additional-service] [   scheduling-1] r.a.observability.ObservabilityService   : LAB9 Observability window=30s category=http.main.cars count=1 sumNanos=380617790 avgNanos=380617790
zil-additional-service  | 2026-05-06T17:15:56.472Z  INFO 1 --- [zil-additional-service] [   scheduling-1] r.a.observability.ObservabilityService   : LAB9 Observability window=1m category=additional.statsComputation.stats count=1 sumNanos=47190 avgNanos=47190
zil-additional-service  | 2026-05-06T17:15:56.472Z  INFO 1 --- [zil-additional-service] [   scheduling-1] r.a.observability.ObservabilityService   : LAB9 Observability window=1m category=web.additional.stats count=1 sumNanos=6385361456 avgNanos=6385361456
zil-additional-service  | 2026-05-06T17:15:56.472Z  INFO 1 --- [zil-additional-service] [   scheduling-1] r.a.observability.ObservabilityService   : LAB9 Observability window=1m category=http.main.clients count=1 sumNanos=5390605934 avgNanos=5390605934
zil-additional-service  | 2026-05-06T17:15:56.472Z  INFO 1 --- [zil-additional-service] [   scheduling-1] r.a.observability.ObservabilityService   : LAB9 Observability window=1m category=http.main.rents count=1 sumNanos=526232117 avgNanos=526232117
zil-additional-service  | 2026-05-06T17:15:56.472Z  INFO 1 --- [zil-additional-service] [   scheduling-1] r.a.observability.ObservabilityService   : LAB9 Observability window=1m category=http.main.cars count=1 sumNanos=380617790 avgNanos=380617790
zil-additional-service  | 2026-05-06T17:16:01.473Z  INFO 1 --- [zil-additional-service] [   scheduling-1] r.a.observability.ObservabilityService   : LAB9 Observability window=1m category=additional.statsComputation.stats count=1 sumNanos=47190 avgNanos=47190
zil-additional-service  | 2026-05-06T17:16:01.473Z  INFO 1 --- [zil-additional-service] [   scheduling-1] r.a.observability.ObservabilityService   : LAB9 Observability window=1m category=web.additional.stats count=1 sumNanos=6385361456 avgNanos=6385361456
zil-additional-service  | 2026-05-06T17:16:01.474Z  INFO 1 --- [zil-additional-service] [   scheduling-1] r.a.observability.ObservabilityService   : LAB9 Observability window=1m category=http.main.clients count=1 sumNanos=5390605934 avgNanos=5390605934
zil-additional-service  | 2026-05-06T17:16:01.474Z  INFO 1 --- [zil-additional-service] [   scheduling-1] r.a.observability.ObservabilityService   : LAB9 Observability window=1m category=http.main.rents count=1 sumNanos=526232117 avgNanos=526232117
zil-additional-service  | 2026-05-06T17:16:01.474Z  INFO 1 --- [zil-additional-service] [   scheduling-1] r.a.observability.ObservabilityService   : LAB9 Observability window=1m category=http.main.cars count=1 sumNanos=380617790 avgNanos=380617790
zil-additional-service  | 2026-05-06T17:16:06.264Z  INFO 1 --- [zil-additional-service] [   scheduling-1] r.additional.service.ClientCacheService  : [client-cache-statistics] Client cache size=48848
zil-additional-service  | 2026-05-06T17:16:06.265Z  INFO 1 --- [zil-additional-service] [   scheduling-1] r.additional.service.CarCacheService     : [car-cache-statistics] Car cache size=1000
zil-additional-service  | 2026-05-06T17:16:06.474Z  INFO 1 --- [zil-additional-service] [   scheduling-1] r.a.observability.ObservabilityService   : LAB9 Observability window=1m category=additional.statsComputation.stats count=1 sumNanos=47190 avgNanos=47190
zil-additional-service  | 2026-05-06T17:16:06.475Z  INFO 1 --- [zil-additional-service] [   scheduling-1] r.a.observability.ObservabilityService   : LAB9 Observability window=1m category=web.additional.stats count=1 sumNanos=6385361456 avgNanos=6385361456
zil-additional-service  | 2026-05-06T17:16:06.475Z  INFO 1 --- [zil-additional-service] [   scheduling-1] r.a.observability.ObservabilityService   : LAB9 Observability window=1m category=http.main.clients count=1 sumNanos=5390605934 avgNanos=5390605934
zil-additional-service  | 2026-05-06T17:16:06.475Z  INFO 1 --- [zil-additional-service] [   scheduling-1] r.a.observability.ObservabilityService   : LAB9 Observability window=1m category=http.main.rents count=1 sumNanos=526232117 avgNanos=526232117
zil-additional-service  | 2026-05-06T17:16:06.475Z  INFO 1 --- [zil-additional-service] [   scheduling-1] r.a.observability.ObservabilityService   : LAB9 Observability window=1m category=http.main.cars count=1 sumNanos=380617790 avgNanos=380617790
zil-additional-service  | 2026-05-06T17:16:11.476Z  INFO 1 --- [zil-additional-service] [   scheduling-1] r.a.observability.ObservabilityService   : LAB9 Observability window=1m category=additional.statsComputation.stats count=1 sumNanos=47190 avgNanos=47190
zil-additional-service  | 2026-05-06T17:16:11.477Z  INFO 1 --- [zil-additional-service] [   scheduling-1] r.a.observability.ObservabilityService   : LAB9 Observability window=1m category=web.additional.stats count=1 sumNanos=6385361456 avgNanos=6385361456
zil-additional-service  | 2026-05-06T17:16:11.478Z  INFO 1 --- [zil-additional-service] [   scheduling-1] r.a.observability.ObservabilityService   : LAB9 Observability window=1m category=http.main.clients count=1 sumNanos=5390605934 avgNanos=5390605934
zil-additional-service  | 2026-05-06T17:16:11.478Z  INFO 1 --- [zil-additional-service] [   scheduling-1] r.a.observability.ObservabilityService   : LAB9 Observability window=1m category=http.main.rents count=1 sumNanos=526232117 avgNanos=526232117
zil-additional-service  | 2026-05-06T17:16:11.479Z  INFO 1 --- [zil-additional-service] [   scheduling-1] r.a.observability.ObservabilityService   : LAB9 Observability window=1m category=http.main.cars count=1 sumNanos=380617790 avgNanos=380617790
zil-additional-service  | 2026-05-06T17:16:16.264Z  INFO 1 --- [zil-additional-service] [   scheduling-1] r.additional.service.ClientCacheService  : [client-cache-statistics] Client cache size=48848
zil-additional-service  | 2026-05-06T17:16:16.265Z  INFO 1 --- [zil-additional-service] [   scheduling-1] r.additional.service.CarCacheService     : [car-cache-statistics] Car cache size=1000
zil-additional-service  | 2026-05-06T17:16:16.480Z  INFO 1 --- [zil-additional-service] [   scheduling-1] r.a.observability.ObservabilityService   : LAB9 Observability window=1m category=additional.statsComputation.stats count=1 sumNanos=47190 avgNanos=47190
zil-additional-service  | 2026-05-06T17:16:16.480Z  INFO 1 --- [zil-additional-service] [   scheduling-1] r.a.observability.ObservabilityService   : LAB9 Observability window=1m category=web.additional.stats count=1 sumNanos=6385361456 avgNanos=6385361456
zil-additional-service  | 2026-05-06T17:16:16.480Z  INFO 1 --- [zil-additional-service] [   scheduling-1] r.a.observability.ObservabilityService   : LAB9 Observability window=1m category=http.main.clients count=1 sumNanos=5390605934 avgNanos=5390605934
zil-additional-service  | 2026-05-06T17:16:16.480Z  INFO 1 --- [zil-additional-service] [   scheduling-1] r.a.observability.ObservabilityService   : LAB9 Observability window=1m category=http.main.rents count=1 sumNanos=526232117 avgNanos=526232117
zil-additional-service  | 2026-05-06T17:16:16.480Z  INFO 1 --- [zil-additional-service] [   scheduling-1] r.a.observability.ObservabilityService   : LAB9 Observability window=1m category=http.main.cars count=1 sumNanos=380617790 avgNanos=380617790
zil-additional-service  | 2026-05-06T17:16:21.481Z  INFO 1 --- [zil-additional-service] [   scheduling-1] r.a.observability.ObservabilityService   : LAB9 Observability window=1m category=additional.statsComputation.stats count=1 sumNanos=47190 avgNanos=47190
zil-additional-service  | 2026-05-06T17:16:21.481Z  INFO 1 --- [zil-additional-service] [   scheduling-1] r.a.observability.ObservabilityService   : LAB9 Observability window=1m category=web.additional.stats count=1 sumNanos=6385361456 avgNanos=6385361456
zil-additional-service  | 2026-05-06T17:16:21.481Z  INFO 1 --- [zil-additional-service] [   scheduling-1] r.a.observability.ObservabilityService   : LAB9 Observability window=1m category=http.main.clients count=1 sumNanos=5390605934 avgNanos=5390605934
zil-additional-service  | 2026-05-06T17:16:21.481Z  INFO 1 --- [zil-additional-service] [   scheduling-1] r.a.observability.ObservabilityService   : LAB9 Observability window=1m category=http.main.rents count=1 sumNanos=526232117 avgNanos=526232117
zil-additional-service  | 2026-05-06T17:16:21.482Z  INFO 1 --- [zil-additional-service] [   scheduling-1] r.a.observability.ObservabilityService   : LAB9 Observability window=1m category=http.main.cars count=1 sumNanos=380617790 avgNanos=380617790
zil-additional-service  | 2026-05-06T17:16:26.264Z  INFO 1 --- [zil-additional-service] [   scheduling-1] r.additional.service.ClientCacheService  : [client-cache-statistics] Client cache size=48848
zil-additional-service  | 2026-05-06T17:16:26.265Z  INFO 1 --- [zil-additional-service] [   scheduling-1] r.additional.service.CarCacheService     : [car-cache-statistics] Car cache size=1000
zil-additional-service  | 2026-05-06T17:16:26.482Z  INFO 1 --- [zil-additional-service] [   scheduling-1] r.a.observability.ObservabilityService   : LAB9 Observability window=1m category=additional.statsComputation.stats count=1 sumNanos=47190 avgNanos=47190
zil-additional-service  | 2026-05-06T17:16:26.483Z  INFO 1 --- [zil-additional-service] [   scheduling-1] r.a.observability.ObservabilityService   : LAB9 Observability window=1m category=web.additional.stats count=1 sumNanos=6385361456 avgNanos=6385361456
zil-additional-service  | 2026-05-06T17:16:26.483Z  INFO 1 --- [zil-additional-service] [   scheduling-1] r.a.observability.ObservabilityService   : LAB9 Observability window=1m category=http.main.clients count=1 sumNanos=5390605934 avgNanos=5390605934
zil-additional-service  | 2026-05-06T17:16:26.483Z  INFO 1 --- [zil-additional-service] [   scheduling-1] r.a.observability.ObservabilityService   : LAB9 Observability window=1m category=http.main.rents count=1 sumNanos=526232117 avgNanos=526232117
zil-additional-service  | 2026-05-06T17:16:26.483Z  INFO 1 --- [zil-additional-service] [   scheduling-1] r.a.observability.ObservabilityService   : LAB9 Observability window=1m category=http.main.cars count=1 sumNanos=380617790 avgNanos=380617790
zil-additional-service  | 2026-05-06T17:16:36.264Z  INFO 1 --- [zil-additional-service] [   scheduling-1] r.additional.service.ClientCacheService  : [client-cache-statistics] Client cache size=48848
zil-additional-service  | 2026-05-06T17:16:36.265Z  INFO 1 --- [zil-additional-service] [   scheduling-1] r.additional.service.CarCacheService     : [car-cache-statistics] Car cache size=1000
zil-additional-service  | 2026-05-06T17:16:46.264Z  INFO 1 --- [zil-additional-service] [   scheduling-1] r.additional.service.ClientCacheService  : [client-cache-statistics] Client cache size=48848
zil-additional-service  | 2026-05-06T17:16:46.265Z  INFO 1 --- [zil-additional-service] [   scheduling-1] r.additional.service.CarCacheService     : [car-cache-statistics] Car cache size=1000
zil-additional-service  | 2026-05-06T17:16:56.264Z  INFO 1 --- [zil-additional-service] [   scheduling-1] r.additional.service.ClientCacheService  : [client-cache-statistics] Client cache size=48848
zil-additional-service  | 2026-05-06T17:16:56.264Z  INFO 1 --- [zil-additional-service] [   scheduling-1] r.additional.service.CarCacheService     : [car-cache-statistics] Car cache size=1000
zil-additional-service  | 2026-05-06T17:17:06.264Z  INFO 1 --- [zil-additional-service] [   scheduling-1] r.additional.service.ClientCacheService  : [client-cache-statistics] Client cache size=48848
zil-additional-service  | 2026-05-06T17:17:06.265Z  INFO 1 --- [zil-additional-service] [   scheduling-1] r.additional.service.CarCacheService     : [car-cache-statistics] Car cache size=1000
zil-additional-service  | 2026-05-06T17:17:16.264Z  INFO 1 --- [zil-additional-service] [   scheduling-1] r.additional.service.ClientCacheService  : [client-cache-statistics] Client cache size=48848
zil-additional-service  | 2026-05-06T17:17:16.265Z  INFO 1 --- [zil-additional-service] [   scheduling-1] r.additional.service.CarCacheService     : [car-cache-statistics] Car cache size=1000
zil-additional-service  | 2026-05-06T17:17:26.264Z  INFO 1 --- [zil-additional-service] [   scheduling-1] r.additional.service.ClientCacheService  : [client-cache-statistics] Client cache size=48848
zil-additional-service  | 2026-05-06T17:17:26.265Z  INFO 1 --- [zil-additional-service] [   scheduling-1] r.additional.service.CarCacheService     : [car-cache-statistics] Car cache size=1000
zil-additional-service  | 2026-05-06T17:17:36.264Z  INFO 1 --- [zil-additional-service] [   scheduling-1] r.additional.service.ClientCacheService  : [client-cache-statistics] Client cache size=48848
zil-additional-service  | 2026-05-06T17:17:36.265Z  INFO 1 --- [zil-additional-service] [   scheduling-1] r.additional.service.CarCacheService     : [car-cache-statistics] Car cache size=1000
zil-additional-service  | 2026-05-06T17:17:46.264Z  INFO 1 --- [zil-additional-service] [   scheduling-1] r.additional.service.ClientCacheService  : [client-cache-statistics] Client cache size=48848
zil-additional-service  | 2026-05-06T17:17:46.264Z  INFO 1 --- [zil-additional-service] [   scheduling-1] r.additional.service.CarCacheService     : [car-cache-statistics] Car cache size=1000
zil-additional-service  | 2026-05-06T17:17:56.264Z  INFO 1 --- [zil-additional-service] [   scheduling-1] r.additional.service.ClientCacheService  : [client-cache-statistics] Client cache size=48848
zil-additional-service  | 2026-05-06T17:17:56.264Z  INFO 1 --- [zil-additional-service] [   scheduling-1] r.additional.service.CarCacheService     : [car-cache-statistics] Car cache size=1000
zil-additional-service  | 2026-05-06T17:18:06.264Z  INFO 1 --- [zil-additional-service] [   scheduling-1] r.additional.service.ClientCacheService  : [client-cache-statistics] Client cache size=48848
zil-additional-service  | 2026-05-06T17:18:06.265Z  INFO 1 --- [zil-additional-service] [   scheduling-1] r.additional.service.CarCacheService     : [car-cache-statistics] Car cache size=1000
zil-additional-service  | 2026-05-06T17:18:16.264Z  INFO 1 --- [zil-additional-service] [   scheduling-1] r.additional.service.ClientCacheService  : [client-cache-statistics] Client cache size=48848
zil-additional-service  | 2026-05-06T17:18:16.264Z  INFO 1 --- [zil-additional-service] [   scheduling-1] r.additional.service.CarCacheService     : [car-cache-statistics] Car cache size=1000
zil-additional-service  | 2026-05-06T17:18:26.264Z  INFO 1 --- [zil-additional-service] [   scheduling-1] r.additional.service.ClientCacheService  : [client-cache-statistics] Client cache size=48848
zil-additional-service  | 2026-05-06T17:18:26.264Z  INFO 1 --- [zil-additional-service] [   scheduling-1] r.additional.service.CarCacheService     : [car-cache-statistics] Car cache size=1000
